 BELLHOP/BELLHOP3D

 BELLHOP- SC-FDE generated shallow-water Bellhop arrivals                        
 frequency =  0.1200E+05 Hz

 Dummy parameter NMedia =            1

     C-linear approximation to SSP
     Attenuation units: dB/wavelength
     Altimetry file selected
     VACUUM

 Depth =     100.00 m

 Sound speed profile:
      z         alphaR      betaR     rho        alphaI     betaI
     (m)         (m/s)      (m/s)   (g/cm^3)      (m/s)     (m/s)

      0.00      1500.00      0.00     1.00       0.0000    0.0000
    100.00      1490.00      0.00     1.00       0.0000    0.0000

                                 ( RMS roughness =   0.00     )
     ACOUSTO-ELASTIC half-space
    100.00      1700.00      0.00     1.80       0.8000    0.0000

 __________________________________________________________________________

    Number of Source   z-coordinates, Sz =            1
    Source   z-coordinates, Sz (m)
                 5.00000    


 __________________________________________________________________________

    Number of Receiver z-coordinates, Rz =            1
    Receiver z-coordinates, Rz (m)
                 30.0000    


 __________________________________________________________________________

    Number of Receiver r-coordinates, Rr =            1
    Receiver r-coordinates, Rr (km)
                 1.00000    


 Arrivals calculation, ASCII  file output
 Geometric hat beams in Cartesian coordinates
 Point source (cylindrical coordinates)
 Rectilinear receiver grid: Receivers at Rr( : ) x Rz( : )
 __________________________________________________________________________

    Number of beams in elevation   =         1000
    Beam take-off angles (degrees)
  -80.0000      -79.8398      -79.6797      -79.5195      -79.3594    
  -79.1992      -79.0390      -78.8789      -78.7187      -78.5586    
          ... 
   80.0000    

 __________________________________________________________________________


 Step length,       deltas =   0.000     m

 Maximum ray depth, Box%z  =   120.0     m
 Maximum ray range, Box%r  =   1.100    km
 No beam shift in effect

 __________________________________________________________________________

 Using top-altimetry file
 Piecewise linear interpolation
 Number of altimetry points =          301

  Range (km)  Depth (m)
   0.00      -3.32    

 *** FATAL ERROR ***
 Generated by program or subroutine: BELLHOP:ReadATI
 Altimetry rises above highest point in the sound speed profile

